#-----------------------------------------------------------
# xsim v2021.2 (64-bit)
# SW Build 3367213 on Tue Oct 19 02:47:39 MDT 2021
# IP Build 3369179 on Thu Oct 21 08:25:16 MDT 2021
# Start of session at: Fri Feb 12 09:49:27 2021
# Process ID: 592356
# Current directory: /home/fpga/Documents/js/convfix_julien_source_yaniss_07022023/.run/592239/hw_em/device0/binary_0/behav_waveform/xsim
# Command line: xsim -log simulate.log -mode tcl -source {xsim.dir/emu_wrapper_behav/xsim_script.tcl}
# Log file: /home/fpga/Documents/js/convfix_julien_source_yaniss_07022023/.run/592239/hw_em/device0/binary_0/behav_waveform/xsim/simulate.log
# Journal file: /home/fpga/Documents/js/convfix_julien_source_yaniss_07022023/.run/592239/hw_em/device0/binary_0/behav_waveform/xsim/xsim.jou
# Running On: localhost.localdomain, OS: Linux, CPU Frequency: 2815.361 MHz, CPU Physical cores: 32, Host memory: 201123 MB
#-----------------------------------------------------------
source xsim.dir/emu_wrapper_behav/xsim_script.tcl
source emu_wrapper.tcl
