#-----------------------------------------------------------
# xsim v2022.2.2 (64-bit)
# SW Build 3788238 on Tue Feb 21 19:59:23 MST 2023
# IP Build 3783773 on Tue Feb 21 23:41:56 MST 2023
# Start of session at: Thu May 13 09:46:35 2021
# Process ID: 19885
# Current directory: /home/fpga/Desktop/convfix_julien_source_yaniss_07022023/.run/19766/hw_em/device0/binary_0/behav_waveform/xsim
# Command line: xsim -log simulate.log -mode tcl -source {xsim.dir/pfm_top_wrapper_behav/xsim_script.tcl}
# Log file: /home/fpga/Desktop/convfix_julien_source_yaniss_07022023/.run/19766/hw_em/device0/binary_0/behav_waveform/xsim/simulate.log
# Journal file: /home/fpga/Desktop/convfix_julien_source_yaniss_07022023/.run/19766/hw_em/device0/binary_0/behav_waveform/xsim/xsim.jou
# Running On: localhost.localdomain, OS: Linux, CPU Frequency: 1306.045 MHz, CPU Physical cores: 32, Host memory: 201123 MB
#-----------------------------------------------------------
source xsim.dir/pfm_top_wrapper_behav/xsim_script.tcl
source pfm_top_wrapper.tcl
